C51 COMPILER V9.54   8051_INTSIXLEDFINAL                                                   11/15/2021 15:09:38 PAGE 1   


C51 COMPILER V9.54, COMPILATION OF MODULE 8051_INTSIXLEDFINAL
OBJECT MODULE PLACED IN .\Objects\8051-IntSixLedFinal.obj
COMPILER INVOKED BY: C:\Keil_v5\C51\BIN\C51.EXE 8051-IntSixLedFinal.c OPTIMIZE(8,SPEED) BROWSE DEBUG OBJECTEXTEND PRINT(
                    -.\Listings\8051-IntSixLedFinal.lst) TABS(2) OBJECT(.\Objects\8051-IntSixLedFinal.obj)

line level    source

   1          #include <reg51.h>
   2          #define LED P1
   3          void delay1ms(int);
   4          void runled(int);
   5          //void debouncer(void);
   6          main()
   7          {
   8   1        IE = 0x81;
   9   1        IT0 = 0;
  10   1        P1 = 0xF8;
  11   1        while(1)
  12   1        {
  13   2          delay1ms(250); //0.25s 
  14   2          P1 = ~P1;
  15   2        }
  16   1      }
  17          
  18          void INT0Int(void) interrupt 0
  19          {
  20   1        unsigned saveLED=LED;
  21   1        runled(3);
  22   1        LED = saveLED;
  23   1      }
  24          
  25          void runled(int x)
  26          {
  27   1        int i ;
  28   1        unsigned char j;
  29   1        P1=0xFE;
  30   1          for(j=0;j<x;j++)
  31   1          {
  32   2            for(i=0;i<30000;i++);
  33   2            P1=(P1<<1)|0x01;
  34   2          }
  35   1          for(j=0;j<x;j++)
  36   1          {
  37   2            for(i=0;i<30000;i++);
  38   2            P1=(P1>>1)|0x80;
  39   2          }
  40   1          delay1ms(250);
  41   1      }
  42          
  43          void delay1ms(int x)
  44          {
  45   1        int i,j;
  46   1        for(i=0;i<x;i++)
  47   1        for(j=0;j<250;j++);
  48   1      }
  49          
  50          /*void debouncer(void)
  51          {
  52            int i;
  53            for(i=0;i<2400;i++);
  54          }*/
C51 COMPILER V9.54   8051_INTSIXLEDFINAL                                                   11/15/2021 15:09:38 PAGE 2   



MODULE INFORMATION:   STATIC OVERLAYABLE
   CODE SIZE        =    233    ----
   CONSTANT SIZE    =   ----    ----
   XDATA SIZE       =   ----    ----
   PDATA SIZE       =   ----    ----
   DATA SIZE        =   ----       4
   IDATA SIZE       =   ----    ----
   BIT SIZE         =   ----    ----
END OF MODULE INFORMATION.


C51 COMPILATION COMPLETE.  0 WARNING(S),  0 ERROR(S)
